// Jest Snapshot v1, https://goo.gl/fbAQLP

exports[`Profile component renders as expected 1`] = `
<section
  className="container"
>
  <h2
    className="title"
  >
    Greedo
  </h2>
  <table>
    <tbody>
      <tr>
        <th
          scope="row"
        >
          Homeworld
        </th>
        <td>
          Rodia
        </td>
      </tr>
      <tr>
        <th
          scope="row"
        >
          Born
        </th>
        <td>
          44BBY
        </td>
      </tr>
      <tr>
        <th
          scope="row"
        >
          Species
        </th>
        <td>
          Rodian
        </td>
      </tr>
      <tr>
        <th
          scope="row"
        >
          Gender
        </th>
        <td>
          male
        </td>
      </tr>
      <tr>
        <th
          scope="row"
        >
          Height
        </th>
        <td>
          173
          cm
        </td>
      </tr>
      <tr>
        <th
          scope="row"
        >
          Weight
        </th>
        <td>
          74
          kg
        </td>
      </tr>
      <tr>
        <th
          scope="row"
        >
          Hair colour
        </th>
        <td>
          n/a
        </td>
      </tr>
      <tr>
        <th
          scope="row"
        >
          Eye colour
        </th>
        <td>
          black
        </td>
      </tr>
      <tr>
        <th
          scope="row"
        >
          Appears in
        </th>
        <td>
          <span
            className="film"
          >
            A New Hope
          </span>
        </td>
      </tr>
    </tbody>
  </table>
</section>
`;
