// Jest Snapshot v1, https://goo.gl/fbAQLP

exports[`Results component renders as expected 1`] = `
<ul
  className="list"
>
  <li
    className="item"
  >
    <a
      className="link"
      onClick={[Function]}
    >
      IG-88
    </a>
  </li>
  <li
    className="item"
  >
    <a
      className="link"
      onClick={[Function]}
    >
      R2-D2
    </a>
  </li>
</ul>
`;
